0.458333333333333
0.541666666666667
0.458333333333333
0.458333333333333
0.541666666666667
0.458333333333333
0.375
0.541666666666667
0.458333333333333
0.708333333333333
