0.403989361702128
0.382712765957447
0.771808510638298
0.440159574468085
0.478191489361702
0.52313829787234
